$ node --test scripts/assemble-ziwei-knowledge-v4.test.mjs scripts/select-ziwei-knowledge-v4-sample.test.mjs scripts/validate-ziwei-knowledge-v4.test.mjs scripts/campaign-budget.test.mjs scripts/native-campaign-api-pricing.test.mjs scripts/native-campaign-preflight.test.mjs scripts/native-campaign-transport.test.mjs scripts/native-campaign-attempt.test.mjs scripts/prod-9router-trials.test.mjs scripts/fd121-reference-maximum.test.mjs scripts/fd123-continuation.test.mjs scripts/topic-campaign.test.mjs scripts/period-campaign.test.mjs scripts/manual-campaign-cli.test.mjs
✔ work index is an exact 45-shard immutable partition and check confirms completed editorial corpus (726.598501ms)
✔ candidate hash excludes only the ledger candidate hash envelope (1.006481ms)
✔ temporary shuffled shards reassemble byte-identically without altering V3 (1035.452123ms)
✔ FD-112 defaults dedicate the entire cap to lifetime only (4.139981ms)
✔ cap exhaustion and deferred campaigns reject before provider callback (1405.595801ms)
✔ bounds require explicit safe integer worst-case cost and call count (724.717591ms)
✔ durable dispatch fences refunds and failed callbacks retain full reservation (1703.550418ms)
✔ real competing processes cannot over-reserve; restart retains charges (1895.952642ms)
✔ process crash after dispatch retains exposure and OS lock is reusable (679.074585ms)
✔ partial/corrupt journals and incompatible config never reset exposure (321.957972ms)
✔ unknown journal transitions reject and unsafe ledger paths fail closed (362.976658ms)
✔ world-readable ledger rejected without changing permissions or contents (218.432694ms)
✔ OS lock held by another process is never deleted or stolen (5374.963209ms)
✔ truncated or missing initialized ledger never recreates zero exposure (441.357743ms)
✔ new nested private directories support durable initialization and restart (214.770869ms)
✔ concurrent nested bootstrap serializes reservations on the same new path (772.815636ms)
✔ FD121 preparation proves a conservative maximum without inventing cache zero or releasing funds (2.573292ms)
✔ selected diagnostics, missing billable counters and noncompleted responses are insufficient (1.779102ms)
✔ tier, tool, extra usage, modality and conflicting metadata remain hard stops (0.838369ms)
✔ FD123-only immutable configuration does not relax generic budgets or reinterpret existing ledgers (628.72026ms)
✔ complete future missing-cache receipt checkpoints then settles a conservative reference without inventing zero (1430.980346ms)
✔ historical unknown reservation remains byte-identical while a separate continuation can run (1122.827525ms)
✔ only fixed nine report/rewrite keys are legal; first-slot and rewrite-first cannot dispatch (424.572171ms)
✔ all eighteen bounded attempts settle and a nineteenth cannot dispatch (7154.620165ms)
✔ unsupported or conflicting future metadata and completion keep full hold and block the next slot (4064.607892ms)
✔ ledger revalidates receipt/request/output linkage and cannot accept an invented cache or forged authority (1933.467748ms)
✔ verified cached counters retain the ordinary API reference path and proof linkage (299.292344ms)
✔ checkpoint failure cannot settle and a generic ledger cannot opt into FD123 dispatch (245.780454ms)
✔ normalization accepts only a single exact JSON fence or raw JSON and retains both identities (1.401857ms)
✔ original fence and continuation restart reject missing history, incomplete runs and duplicate slots (1.951407ms)
✔ all nine actual Iztro sources match the original frozen ten-slot identities (8379.901623ms)
✔ reference settlement rejects overbound counters rather than using an unchecked tariff ceiling (0.589323ms)
✔ export path guard preserves original authority through lexical and symlink aliases (1.853369ms)
✔ only explicit on-demand traffic is supported while original tags remain in native proof (699.323544ms)
✔ explicit FD123 model-bound mode retains the entire hold without inventing absent counters and survives ledger replay (1008.28908ms)
✔ model-bound mode preserves non-monetary completion, metadata, model and counter fences (4176.624402ms)
✔ historical reference recovery refuses the newly identified natal coordinate error and preserves all crash fences (508.39807ms)
✔ only the exact root schema-document annotation normalizes; nested annotations and other extra content fields still reject (10.037029ms)
✔ historical four-row format stop refuses the new source finding while exact annotation normalization preserves bytes (6204.08738ms)
✔ historical six-row recovery refuses the newly identified natal coordinate error while preserving proofs and ledger (6315.025407ms)
✔ actual unknown career dispatch cannot re-enter retained quality recovery (3692.279882ms)
✔ scripts/verify-topic-deep-dive-real-generations.mjs: old live flags cannot bypass the FD121 transport gate (90.933496ms)
✔ scripts/verify-topic-deep-dive-real-generations.mjs: actual-engine dry run covers two rows for every selected group (5136.429956ms)
✔ scripts/verify-period-reading-real-generations.mjs: old live flags cannot bypass the FD121 transport gate (110.148896ms)
✔ scripts/verify-period-reading-real-generations.mjs: actual-engine dry run covers two rows for every selected group (6405.37254ms)
✔ owner API reference charges the cache subset and visible/thinking output once (2.801766ms)
✔ fractional micro-VND and whole VND round upward without floating-point rates (0.549607ms)
✔ pricing snapshot is immutable, source/version pinned and hash verifiable (2.039599ms)
✔ explicit frozen quote time accepts validity boundaries and rejects expired or unknown rates (0.724282ms)
✔ wrong model and absent, normalized, contradictory or unsafe counters cannot be priced (0.779533ms)
✔ native success settles full exposure and consumes the stable key despite rebuilt UUIDs (1696.392634ms)
✔ separate processes racing the same stable key produce exactly one actual TLS POST (1275.465819ms)
✔ two different keys racing an unresolved claim cannot both reserve (729.859687ms)
✔ process death between reserve and dispatch retains exposure and blocks continuation (731.816041ms)
✔ process death after the actual POST cannot resend or reopen the campaign (1350.188325ms)
✔ explicit pre-dispatch release consumes the old key while admitting a fresh key (637.399947ms)
▶ HTTP failure, unknown usage, invalid candidates and excess cost retain full exposure and durable stop
  ✔ http-error (613.887838ms)
  ✔ timeout (2362.647117ms)
  ✔ missing-counter (607.102023ms)
  ✔ wrong-model (588.398659ms)
  ✔ non-stop (677.491407ms)
  ✔ tool (520.846568ms)
  ✔ thought-only (427.345507ms)
  ✔ multiple-candidates (463.478762ms)
  ✔ cost-over-reserve (570.665096ms)
✔ HTTP failure, unknown usage, invalid candidates and excess cost retain full exposure and durable stop (6834.582406ms)
✔ strict trace projection and keyed settlement validation reject unsafe journal data (1004.877912ms)
✔ the live gate rejects before creating any durable reservation or POST (79.080936ms)
✔ pricing is revalidated at dispatch and across the remaining deadline before claim (104.315896ms)
✔ keyed attempts continue to enforce the aggregate cap without receipt refunds (1361.716576ms)
✔ reservation and dispatch audit are durable before the HTTP constructor (371.126563ms)
✔ ledger corruption fails closed before constructing a POST (212.403629ms)
✔ pricing expiry during reservation leaves exposure reserved and sends no POST (428.04686ms)
✔ source-pinned medium builder is text-only, explicit about floor, and never execution-ready (11.652112ms)
✔ missing/expired credential and project fail before transport (5.353737ms)
✔ native counters remain separate without thoughts being added to input/output (0.976416ms)
✔ absent native counters preserve absence and never become an authoritative zero (5.463593ms)
✔ complete-looking normalized usage, wrong model, contradictory/unsafe/new dimensions fail closed (0.968648ms)
✔ preflight rejects a deadline crossing the API tariff expiry (0.412781ms)
✔ local TLS success produces exactly one actual POST and preserves raw body (53.00235ms)
▶ 401, 429 and server errors never cause HTTP replay or credential rotation
  ✔ 401 (20.32427ms)
  ✔ 429 (14.236993ms)
  ✔ 503 (17.496143ms)
✔ 401, 429 and server errors never cause HTTP replay or credential rotation (54.157962ms)
✔ redirect is rejected without a second POST (22.796421ms)
✔ full-body timeout retains a dispatched reservation and never retries (2319.451696ms)
✔ connection reset after receiving POST does not create another send (8.725637ms)
✔ untrusted TLS certificate fails verification without a POST (11.921632ms)
✔ missing authorization, failed durable audit and expiry produce zero POST (2.913982ms)
✔ default live transport is hard-gated even if caller supplies a permission callback (0.445396ms)
✔ stops immediately on provider failure and never awards acceptance (7.925104ms)
✔ quality failure is not counted as a successful provider response (0.580512ms)
✔ two successful samples still require owner manual acceptance (0.479841ms)
✔ twenty-run historical diagnostics no longer award automatic period acceptance (11.44086ms)
✔ FD121 actual settlement releases only verified unused reservation and replays it (7461.314432ms)
✔ missing zero counter preserves full unknown exposure and fences the next report (680.153415ms)
✔ original accounting proof is checkpointed before parser failure and a failed checkpoint keeps the hold (1083.616822ms)
✔ native evidence marks unsafe, unsupported, conflicting and invalid envelopes incomplete without secrets (1.708625ms)
✔ parent rejects inconsistent request, output, metadata and authority proof before persistence (2523.331194ms)
✔ nonstandard tier and modality retain evidence but cannot settle or dispatch another report (1067.590202ms)
✔ checkpoint failure and wire mismatch cannot acknowledge dispatch (119.533172ms)
✔ exhausted aggregate cap stops before the second physical send (193.167018ms)
✔ child protocol preserves one prepared object and requires exact acknowledgment (1.090102ms)
✔ child errors never echo credential-bearing exception text (3.950714ms)
✔ expired immutable body and endpoint fail before constructing HTTPS (0.495798ms)
✔ single native HTTPS dispatch strips thought text and never retries errors or redirects (2.574018ms)
✔ actual HTTPS and bridge emit only safe receipts and preserve redacted proof with the full hold (878.085348ms)
✔ report sequence checkpoints before generation and stops on first failed quality (0.919441ms)
✔ crash after settled receipt but before result checkpoint blocks automatic restart (0.513893ms)
✔ actual engine uses current/next lunar years with stable distinct source identity across Tet (4252.520132ms)
✔ unlocked matching FD3 must acquire the real lock and excludes a competing process (181.263669ms)
✔ selects a deterministic sample of exactly 50 records with every required quota (212.305598ms)
✔ seeds selection from canonical candidate and content identities (24.574661ms)
✔ fails when any required palace or major-star quota is unavailable (23.386034ms)
✔ fails when any warning-group or source-registry quota is unavailable (78.36831ms)
✔ rejects term-only warning false positives and accepts a compliant health warning (16.583959ms)
✔ stops immediately on provider failure and never awards acceptance (7.124072ms)
✔ quality failure is not counted as a successful provider response (0.534662ms)
✔ two successful samples still require owner manual acceptance (0.905182ms)
✔ twenty-run historical diagnostics no longer award automatic topic acceptance (8.02016ms)
✔ validation replaces pending status with deterministic canonical evidence (12151.311817ms)
✔ malformed and tampered candidates persist deterministic failure evidence without input mutation (14283.566876ms)
✔ malformed candidate JSON persists failure evidence without mutating protected inputs (1520.556601ms)
✔ alternate and symlink candidate paths reject before any report write (3755.749536ms)
✔ hard-linked report is rejected and protected input remains unchanged (3949.918666ms)
✔ policy-invalid records retain distinct passage identities when V2 rejects the candidate (4235.678395ms)
✔ final manifest mode validates the founder-approved frozen corpus without mutation (3823.654163ms)
✔ final manifest mode rejects unapproved and tampered copies without mutation (12820.877197ms)
✔ final manifest mode rejects noncanonical and symlink paths before reads or writes (5069.122431ms)
ℹ tests 129
ℹ suites 0
ℹ pass 129
ℹ fail 0
ℹ cancelled 0
ℹ skipped 0
ℹ todo 0
ℹ duration_ms 64561.336303
